
> streampro@0.1.0 build
> next build

Ôû▓ Next.js 16.1.6 (Turbopack)

  Creating an optimized production build ...
Ô£ô Compiled successfully in 16.2s
  Running TypeScript ...
  Collecting page data using 11 workers ...
  Generating static pages using 11 workers (0/11) ...
node.exe : ÔÜá 
metadataBase property 
in metadata export is 
not set for resolving 
social open graph or 
twitter images, using "
http://localhost:3000".
 See https://nextjs.org
/docs/app/api-reference
/functions/generate-met
adata#metadatabase
At C:\Program Files\nod
ejs\npm.ps1:29 char:3
+   & $NODE_EXE 
$NPM_CLI_JS $args
+   ~~~~~~~~~~~~~~~~~~~
~~~~~~~~~~
    + CategoryInfo     
         : 
NotSpecified: (ÔÜá     
metadataBas...ta#meta  
  database:String) [], 
R    emoteException
    + 
FullyQualifiedErrorI   
 d : NativeCommandError
 
Error occurred 
prerendering page 
"/affiliate". Read 
more: https://nextjs.or
g/docs/messages/prerend
er-error
Error: Attempted to 
call createMotionCompon
ent() from the server 
but 
createMotionComponent 
is on the client. It's 
not possible to invoke 
a client function from 
the server, it can 
only be rendered as a 
Component or passed to 
props of a Client 
Component.
    at <unknown> (C:\MA
MP\htdocs\ITV\streampro
\.next\server\chunks\ss
r\_8d7e4a50._.js:1:627)
    at Object.get (C:\M
AMP\htdocs\ITV\streampr
o\.next\server\chunks\s
sr\_8d7e4a50._.js:1:101
322)
    at k (C:\MAMP\htdoc
s\ITV\streampro\.next\s
erver\chunks\ssr\[root-
of-the-server]__5e16fdf
8._.js:1:1158)
    at stringify 
(<anonymous>) {
  digest: '1940443812'
}
Export encountered an 
error on 
/affiliate/page: 
/affiliate, exiting 
the build.
Ô¿» Next.js build 
worker exited with 
code: 1 and signal: 
null
